"","Kingdom","Phylum","Class","Order","Family","Genus","Species","OTU"
"FJ981654.1.1204","d__Bacteria","Firmicutes","Bacilli","Staphylococcales","Staphylococcaceae","Staphylococcus",NA,"FJ981654.1.1204"
"HM046431.1.1200","d__Bacteria","Campilobacterota","Campylobacteria","Campylobacterales","Helicobacteraceae","Helicobacter","Helicobacter_pylori","HM046431.1.1200"
"KR029790.1.1200","d__Bacteria","Firmicutes","Bacilli","Bacillales","Bacillaceae","Bacillus",NA,"KR029790.1.1200"
"LN611354.1.1200","d__Bacteria","Proteobacteria","Gammaproteobacteria","Pseudomonadales","Moraxellaceae","Acinetobacter",NA,"LN611354.1.1200"
"KF571471.1.1207","d__Bacteria","Firmicutes","Bacilli","Lactobacillales","Listeriaceae","Listeria",NA,"KF571471.1.1207"
"AJ239312.1.1355","d__Bacteria","Proteobacteria","Gammaproteobacteria","Burkholderiales","Neisseriaceae","Neisseria",NA,"AJ239312.1.1355"
"KX984117.1.1262","d__Bacteria","Firmicutes","Clostridia","Clostridiales","Clostridiaceae","Clostridium_sensu_stricto_1",NA,"KX984117.1.1262"
"FJ503081.1.1238","d__Bacteria","Bacteroidota","Bacteroidia","Bacteroidales","Bacteroidaceae","Bacteroides",NA,"FJ503081.1.1238"
"EU156766.1.1269","d__Bacteria","Firmicutes","Bacilli","Lactobacillales","Streptococcaceae","Streptococcus","Streptococcus_mutans","EU156766.1.1269"
"KT873246.1.1201","d__Bacteria","Proteobacteria","Gammaproteobacteria","Enterobacterales","Enterobacteriaceae","Escherichia-Shigella",NA,"KT873246.1.1201"
"KX792217.1.1200","d__Bacteria","Firmicutes","Bacilli","Lactobacillales","Enterococcaceae","Enterococcus",NA,"KX792217.1.1200"
"AE000513.2467934.2469435","d__Bacteria","Deinococcota","Deinococci","Deinococcales","Deinococcaceae","Deinococcus","Deinococcus_radiodurans","AE000513.2467934.2469435"
"LC198619.1.1220","d__Bacteria","Proteobacteria","Alphaproteobacteria","Rhodobacterales","Rhodobacteraceae","Rhodobacter",NA,"LC198619.1.1220"
"EU455199.1.1210","d__Bacteria","Firmicutes","Bacilli","Lactobacillales","Lactobacillaceae","Lactobacillus",NA,"EU455199.1.1210"
"KX212247.1.1200","d__Bacteria","Proteobacteria","Gammaproteobacteria","Pseudomonadales","Pseudomonadaceae","Pseudomonas",NA,"KX212247.1.1200"
"KX792215.1.1201","d__Bacteria","Firmicutes","Bacilli","Lactobacillales","Streptococcaceae","Streptococcus","Streptococcus_agalactiae","KX792215.1.1201"
"KF084610.1.1355","d__Bacteria","Actinobacteriota","Actinobacteria","Actinomycetales","Actinomycetaceae","Actinomyces",NA,"KF084610.1.1355"
"CVLP01000086.4757.6053","d__Bacteria","Firmicutes","Bacilli","Lactobacillales","Streptococcaceae","Streptococcus",NA,"CVLP01000086.4757.6053"
"DQ801220.1.1342","d__Bacteria","Bacteroidota","Bacteroidia","Bacteroidales","Bacteroidaceae","Bacteroides",NA,"DQ801220.1.1342"
"EU765294.1.1363","d__Bacteria","Bacteroidota","Bacteroidia","Bacteroidales","Bacteroidaceae","Bacteroides",NA,"EU765294.1.1363"
"CAQA01000070.1409.4877","d__Bacteria","Firmicutes","Bacilli","Lactobacillales","Streptococcaceae","Streptococcus",NA,"CAQA01000070.1409.4877"
"CP000721.924919.926423","d__Bacteria","Firmicutes","Clostridia","Clostridiales","Clostridiaceae","Clostridium_sensu_stricto_1",NA,"CP000721.924919.926423"
"GFIM01005958.9.1236","d__Bacteria","Actinobacteriota","Actinobacteria","Propionibacteriales","Propionibacteriaceae","Cutibacterium",NA,"GFIM01005958.9.1236"
"DQ796136.1.1225","d__Bacteria","Firmicutes","Clostridia","Lachnospirales","Lachnospiraceae","Blautia",NA,"DQ796136.1.1225"
"FJ371873.1.1224","d__Bacteria","Firmicutes","Clostridia","Oscillospirales","Ruminococcaceae","Faecalibacterium",NA,"FJ371873.1.1224"
"GQ448970.1.1284","d__Bacteria","Bacteroidota","Bacteroidia","Bacteroidales","Prevotellaceae","Prevotella",NA,"GQ448970.1.1284"
"AY981913.1.1349","d__Bacteria","Bacteroidota","Bacteroidia","Bacteroidales","Bacteroidaceae","Bacteroides",NA,"AY981913.1.1349"
"DQ823971.1.1252","d__Bacteria","Verrucomicrobiota","Verrucomicrobiae","Verrucomicrobiales","Akkermansiaceae","Akkermansia","Akkermansia_muciniphila","DQ823971.1.1252"
"JQ189739.1.1362","d__Bacteria","Bacteroidota","Bacteroidia","Bacteroidales","Prevotellaceae","Alloprevotella",NA,"JQ189739.1.1362"
"EU776908.1.1289","d__Bacteria","Firmicutes","Bacilli","Erysipelotrichales","Erysipelatoclostridiaceae","Catenibacterium",NA,"EU776908.1.1289"
"JQ186757.1.1359","d__Bacteria","Bacteroidota","Bacteroidia","Bacteroidales","Prevotellaceae","Prevotella",NA,"JQ186757.1.1359"
"EU762772.1.1354","d__Bacteria","Firmicutes","Clostridia","Lachnospirales","Lachnospiraceae","Lachnospiraceae_UCG-003","uncultured_bacterium","EU762772.1.1354"
"DQ441256.1.1313","d__Bacteria","Bacteroidota","Bacteroidia","Bacteroidales","Rikenellaceae","Alistipes",NA,"DQ441256.1.1313"
"EU767188.1.1370","d__Bacteria","Firmicutes","Clostridia","Lachnospirales","Lachnospiraceae","[Eubacterium]_xylanophilum_group","uncultured_organism","EU767188.1.1370"
"EU510027.1.1344","d__Bacteria","Firmicutes","Clostridia","Lachnospirales","Lachnospiraceae","Blautia",NA,"EU510027.1.1344"
"DQ793742.1.1312","d__Bacteria","Firmicutes","Bacilli","Erysipelotrichales","Erysipelatoclostridiaceae","Erysipelotrichaceae_UCG-003",NA,"DQ793742.1.1312"
"FJ753830.1.1232","d__Bacteria","Firmicutes","Clostridia","Clostridiales","Clostridiaceae","Clostridium_sensu_stricto_1",NA,"FJ753830.1.1232"
"4cddfed97ed397e48febf56da534b2a7","d__Bacteria","Proteobacteria","Gammaproteobacteria",NA,NA,NA,NA,"4cddfed97ed397e48febf56da534b2a7"
"f0a99f591da5ea357f519648de1daf71","d__Bacteria","Firmicutes","Bacilli","Lactobacillales","Listeriaceae","Listeria","Listeria_marthii","f0a99f591da5ea357f519648de1daf71"
"e028a0db64a79ab1ec86a07447ad726e","d__Bacteria","Firmicutes","Clostridia","Clostridiales","Clostridiaceae","Clostridium_sensu_stricto_1",NA,"e028a0db64a79ab1ec86a07447ad726e"
